include: package:lints/recommended.yaml

analyzer:
  errors:
    avoid_unused_constructor_parameters: ignore
