sdk:
  - stable
  - dev

stages:
  - analyze_and_format:
      - group:
          - format
          - analyze: --fatal-infos .
  - unit_test:
      - test:
  - unit_test_native:
      - group:
          - test:
            os:
              - windows
              - macos
          - test: -p chrome
          - test: -p firefox
