name: aws_json1_1
description: Aws Json1 1 client SDK
version: 0.1.0
publish_to: none


environment:
  sdk: ">=2.15.0 <3.0.0"

dependencies:
  smithy:
    path: ../../../smithy
  aws_common:
    hosted: https://pub.dillonnys.com
    version: ^0.1.0
  built_value: ^8.0.0
  built_collection: ^5.0.0
  aws_signature_v4:
    hosted: https://pub.dillonnys.com
    version: ^0.1.0
  smithy_aws:
    path: ../../../smithy_aws
  uuid: ^3.0.0
  shelf: ^1.1.0
  shelf_router: ^1.1.0
  meta: ^1.7.0
  fixnum: ^1.0.0

dependency_overrides:
  smithy:
    path: ../../../smithy
  smithy_aws:
    path: ../../../smithy_aws
  smithy_codegen:
    path: ../../../smithy_codegen
  smithy_test:
    path: ../../../smithy_test

dev_dependencies:
  smithy_test:
    path: ../../../smithy_test
  build_runner: ^2.0.0
  built_value_generator: ^8.0.0
  lints: ^1.0.0
  shelf_router_generator: ^1.0.0
  test: ^1.16.0
