name: deprecated

environment: 
  sdk: '>=2.15.0 <3.0.0'

dependencies:
  built_collection: ^5.0.0
  built_value: ^8.0.0
  smithy: 
    path: ../../../../smithy

dev_dependencies:
  build_runner: ^2.0.0
  built_value_generator: ^8.0.0